arima_rmse:10.073228666284166 arima_mae:7.677591652560391 arima_acc:0.8273057977478823 arima_r2:-0.020345501158491503 arima_var:0.0015762977051440236

